---
source: protocols/src/frontend/typecheck.rs
expression: content
---
error: Cannot assign to function argument s. Try using assert_eq if you want to check the value of a transaction output.
   ┌─ tests/multipliers/mul_invalid.prot:22:3
   │
22 │   s := dut.s;
   │   ^^^^^^^^^^^ Cannot assign to function argument s. Try using assert_eq if you want to check the value of a transaction output.
