---
source: protocols/src/frontend/serialize.rs
expression: content
---
struct Adder {
  in a: u32,
  in b: u32,
  out s: u32,
}

fn add<DUT: Adder>(a: u32, b: u32, s: u32) {
  DUT.a := a;
  DUT.b := b;
  step();
  DUT.a := X;
  DUT.b := X;
  assert_eq(s, DUT.s);
  fork();
  step();
}

fn add_fork_early<DUT: Adder>(a: u32, b: u32, s: u32) {
  DUT.a := a;
  DUT.b := b;
  step();
  fork();
  DUT.a := X;
  DUT.b := X;
  assert_eq(s, DUT.s);
  step();
}

fn add_incorrect<DUT: Adder>(a: u32, b: u32, s: u32) {
  DUT.a := a;
  DUT.b := b;
  step();
  DUT.a := a;
  DUT.b := b;
  assert_eq(s, DUT.s);
  fork();
  step();
}

fn add_incorrect_implicit<DUT: Adder>(a: u32, b: u32, s: u32) {
  DUT.a := a;
  DUT.b := b;
  step();
  assert_eq(s, DUT.s);
  fork();
  step();
}

fn wait_and_add<DUT: Adder>(a: u32, b: u32, s: u32) {
  step();
  fork();
  step();
  DUT.a := a;
  DUT.b := b;
  step();
  assert_eq(s, DUT.s);
  step();
}

fn assign_after_observation<DUT: Adder>(a: u32, b: u32, s: u32) {
  DUT.a := a;
  if DUT.a == 2 {
    DUT.a := 0;
  } else {
  }
  DUT.b := b;
  step();
  DUT.a := X;
  DUT.b := X;
  assert_eq(s, DUT.s);
  fork();
  step();
}

fn if_else<DUT: Adder>(a1: u32, a2: u32) {
  if 1 {
    DUT.a := a1;
  } else {
    DUT.a := a2;
  }
  DUT.b := 0;
  step();
  DUT.a := X;
  DUT.b := X;
  assert_eq(a1, DUT.s);
  fork();
  step();
}
