---
source: protocols/src/ir/graphviz.rs
assertion_line: 210
expression: content
---
== pre-contract ==
digraph "send_data" {
  rankdir=LR;
  node [shape=box];
  entry_marker [shape=plain,label="ENTRY"];
  entry_marker -> node0;
  node0 [label=""];
  node0 -> node7 [label="1"];
  node7 [label="[1] D.m_axis_tdata := ite(1, data, D.m_axis_tdata)"];
  node7 -> node6 [label="1"];
  node6 [label="[1] D.m_axis_tvalid := ite(1, 1, D.m_axis_tvalid)"];
  node6 -> node4 [label="1"];
  node4 [label=""];
  node4 -> node5 [label="not(eq(D.m_axis_tready, 1))"];
  node4 -> node3 [label="not(not(eq(D.m_axis_tready, 1)))"];
  node5 [label=""];
  node5 -> node4 [label="1 / step"];
  node3 [label=""];
  node3 -> node2 [label="1"];
  node2 [label=""];
  node2 -> node1 [label="1 / step"];
  node1 [label="[1] done"];
}

== post-contract ==
digraph "send_data" {
  rankdir=LR;
  node [shape=box];
  entry_marker [shape=plain,label="ENTRY"];
  entry_marker -> node0;
  node0 [label="[1] D.m_axis_tdata := ite(1, data, D.m_axis_tdata)\n[1] D.m_axis_tvalid := ite(1, 1, D.m_axis_tvalid)"];
  node0 -> node1 [label="D.m_axis_tready / step"];
  node0 -> node4 [label="not(D.m_axis_tready) / step"];
  node1 [label="[1] done"];
  node4 [label=""];
  node4 -> node4 [label="not(D.m_axis_tready) / step"];
  node4 -> node1 [label="D.m_axis_tready / step"];
}

== post-normalize ==
digraph "send_data" {
  rankdir=LR;
  node [shape=box];
  entry_marker [shape=plain,label="ENTRY"];
  entry_marker -> node0;
  node0 [label="[1] D.m_axis_tdata := ite(1, data, D.m_axis_tdata)\n[1] D.m_axis_tvalid := ite(1, 1, D.m_axis_tvalid)"];
  node0 -> node1 [label="D.m_axis_tready / step"];
  node0 -> node4 [label="not(D.m_axis_tready) / step"];
  node1 [label="[1] done\n[1] D.m_axis_tvalid := D.m_axis_tvalid\n[1] D.m_axis_tdata := D.m_axis_tdata"];
  node4 [label="[1] D.m_axis_tvalid := D.m_axis_tvalid\n[1] D.m_axis_tdata := D.m_axis_tdata"];
  node4 -> node4 [label="not(D.m_axis_tready) / step"];
  node4 -> node1 [label="D.m_axis_tready / step"];
}

== pre-contract ==
digraph "idle" {
  rankdir=LR;
  node [shape=box];
  entry_marker [shape=plain,label="ENTRY"];
  entry_marker -> node0;
  node0 [label=""];
  node0 -> node3 [label="1"];
  node3 [label="[1] D.m_axis_tvalid := ite(1, 0, D.m_axis_tvalid)"];
  node3 -> node2 [label="1"];
  node2 [label=""];
  node2 -> node1 [label="1 / step"];
  node1 [label="[1] done"];
}

== post-contract ==
digraph "idle" {
  rankdir=LR;
  node [shape=box];
  entry_marker [shape=plain,label="ENTRY"];
  entry_marker -> node0;
  node0 [label="[1] D.m_axis_tvalid := ite(1, 0, D.m_axis_tvalid)"];
  node0 -> node1 [label="1 / step"];
  node1 [label="[1] done"];
}

== post-normalize ==
digraph "idle" {
  rankdir=LR;
  node [shape=box];
  entry_marker [shape=plain,label="ENTRY"];
  entry_marker -> node0;
  node0 [label="[1] D.m_axis_tvalid := ite(1, 0, D.m_axis_tvalid)\n[1] D.m_axis_tdata := D.m_axis_tdata"];
  node0 -> node1 [label="1 / step"];
  node1 [label="[1] done\n[1] D.m_axis_tvalid := D.m_axis_tvalid\n[1] D.m_axis_tdata := D.m_axis_tdata"];
}
