---
source: protocols/src/ir/graphviz.rs
expression: content
---
== pre-contract ==
digraph "add_combinational_illegal_observation_in_conditional" {
  rankdir=LR;
  node [shape=box];
  entry_marker [shape=plain,label="ENTRY"];
  entry_marker -> node0;
  node0 [label=""];
  node0 -> node9 [label="1'b1"];
  node9 [label="[1'b1] DUT.a := X"];
  node9 -> node8 [label="1'b1"];
  node8 [label="[1'b1] DUT.b := X"];
  node8 -> node7 [label="1'b1"];
  node7 [label="[1'b1] DUT.a := a"];
  node7 -> node6 [label="1'b1"];
  node6 [label=""];
  node6 -> node4 [label="eq(DUT.s, 32'x00000000)"];
  node6 -> node5 [label="not(eq(DUT.s, 32'x00000000))"];
  node4 [label=""];
  node4 -> node3 [label="1'b1"];
  node5 [label=""];
  node5 -> node3 [label="1'b1"];
  node3 [label=""];
  node3 -> node2 [label="1'b1"];
  node3 [label=""];
  node3 -> node2 [label="1'b1"];
  node2 [label=""];
  node2 -> node1 [label="1'b1 / step"];
  node2 [label=""];
  node2 -> node1 [label="1'b1 / step"];
  node1 [label="[1'b1] done"];
  node1 [label="[1'b1] done"];
}

== post-contract ==
digraph "add_combinational_illegal_observation_in_conditional" {
  rankdir=LR;
  node [shape=box];
  entry_marker [shape=plain,label="ENTRY"];
  entry_marker -> node0;
  node0 [label="[1'b1] DUT.a := a\n[1'b1] DUT.b := X"];
  node0 -> node1 [label="not(eq(DUT.s, 32'x00000000)) / step"];
  node0 -> node1 [label="eq(DUT.s, 32'x00000000) / step"];
  node1 [label="[1'b1] done"];
  node1 [label="[1'b1] done"];
}

== pre-contract ==
digraph "add_combinational_illegal_observation_in_assertion" {
  rankdir=LR;
  node [shape=box];
  entry_marker [shape=plain,label="ENTRY"];
  entry_marker -> node0;
  node0 [label=""];
  node0 -> node6 [label="1'b1"];
  node6 [label="[1'b1] DUT.a := X"];
  node6 -> node5 [label="1'b1"];
  node5 [label="[1'b1] DUT.b := X"];
  node5 -> node4 [label="1'b1"];
  node4 [label="[1'b1] DUT.a := a"];
  node4 -> node3 [label="1'b1"];
  node3 [label="[1'b1] assert_eq(DUT.s, s)"];
  node3 -> node2 [label="1'b1"];
  node2 [label=""];
  node2 -> node1 [label="1'b1 / step"];
  node1 [label="[1'b1] done"];
}

== post-contract ==
digraph "add_combinational_illegal_observation_in_assertion" {
  rankdir=LR;
  node [shape=box];
  entry_marker [shape=plain,label="ENTRY"];
  entry_marker -> node0;
  node0 [label="[1'b1] DUT.a := a\n[1'b1] DUT.b := X\n[1'b1] assert_eq(DUT.s, s)"];
  node0 -> node1 [label="1'b1 / step"];
  node1 [label="[1'b1] done"];
}

== pre-contract ==
digraph "add_combinational_legal_observation_illegal_assignment" {
  rankdir=LR;
  node [shape=box];
  entry_marker [shape=plain,label="ENTRY"];
  entry_marker -> node0;
  node0 [label=""];
  node0 -> node6 [label="1'b1"];
  node6 [label=""];
  node6 -> node4 [label="eq(DUT.s, 32'x00000000)"];
  node6 -> node5 [label="not(eq(DUT.s, 32'x00000000))"];
  node4 [label="[1'b1] DUT.a := a"];
  node4 -> node3 [label="1'b1"];
  node5 [label=""];
  node5 -> node3 [label="1'b1"];
  node3 [label=""];
  node3 -> node2 [label="1'b1"];
  node3 [label=""];
  node3 -> node2 [label="1'b1"];
  node2 [label=""];
  node2 -> node1 [label="1'b1 / step"];
  node2 [label=""];
  node2 -> node1 [label="1'b1 / step"];
  node1 [label="[1'b1] done"];
  node1 [label="[1'b1] done"];
}

== post-contract ==
digraph "add_combinational_legal_observation_illegal_assignment" {
  rankdir=LR;
  node [shape=box];
  entry_marker [shape=plain,label="ENTRY"];
  entry_marker -> node0;
  node0 [label="[1'b1] DUT.a := ite(eq(DUT.s, 32'x00000000), a, DUT.a)"];
  node0 -> node1 [label="eq(DUT.s, 32'x00000000) / step"];
  node0 -> node1 [label="not(eq(DUT.s, 32'x00000000)) / step"];
  node1 [label="[1'b1] done"];
  node1 [label="[1'b1] done"];
}

== pre-contract ==
digraph "add_combinational" {
  rankdir=LR;
  node [shape=box];
  entry_marker [shape=plain,label="ENTRY"];
  entry_marker -> node0;
  node0 [label=""];
  node0 -> node5 [label="1'b1"];
  node5 [label="[1'b1] DUT.a := a"];
  node5 -> node4 [label="1'b1"];
  node4 [label="[1'b1] DUT.b := b"];
  node4 -> node3 [label="1'b1"];
  node3 [label="[1'b1] assert_eq(s, DUT.s)"];
  node3 -> node2 [label="1'b1"];
  node2 [label=""];
  node2 -> node1 [label="1'b1 / step"];
  node1 [label="[1'b1] done"];
}

== post-contract ==
digraph "add_combinational" {
  rankdir=LR;
  node [shape=box];
  entry_marker [shape=plain,label="ENTRY"];
  entry_marker -> node0;
  node0 [label="[1'b1] DUT.a := a\n[1'b1] DUT.b := b\n[1'b1] assert_eq(s, DUT.s)"];
  node0 -> node1 [label="1'b1 / step"];
  node1 [label="[1'b1] done"];
}
