---
source: protocols/src/ir/graphviz.rs
expression: content
---
== pre-contract ==
digraph "send_data" {
  rankdir=LR;
  node [shape=box];
  entry_marker [shape=plain,label="ENTRY"];
  entry_marker -> node0;
  node0 [label=""];
  node0 -> node13 [label="1'b1"];
  node13 [label="[1'b1] D.data := data"];
  node13 -> node12 [label="1'b1"];
  node12 [label="[1'b1] D.valid := 1'b1"];
  node12 -> node11 [label="1'b1"];
  node11 [label=""];
  node11 -> node9 [label="not(eq(D.ready, 1'b1))"];
  node11 -> node10 [label="not(not(eq(D.ready, 1'b1)))"];
  node9 [label=""];
  node9 -> node8 [label="1'b1 / step"];
  node10 [label=""];
  node10 -> node3 [label="1'b1"];
  node8 [label=""];
  node8 -> node6 [label="not(eq(D.ready, 1'b1))"];
  node8 -> node7 [label="not(not(eq(D.ready, 1'b1)))"];
  node3 [label=""];
  node3 -> node2 [label="1'b1"];
  node6 [label=""];
  node6 -> node5 [label="1'b1 / step"];
  node7 [label=""];
  node7 -> node4 [label="1'b1"];
  node2 [label=""];
  node2 -> node1 [label="1'b1 / step"];
  node5 [label="[1'b1] assert_eq(D.ready, 1'b1)"];
  node5 -> node4 [label="1'b1"];
  node4 [label=""];
  node4 -> node3 [label="1'b1"];
  node1 [label="[1'b1] done"];
  node4 [label=""];
  node4 -> node3 [label="1'b1"];
}

== post-contract ==
digraph "send_data" {
  rankdir=LR;
  node [shape=box];
  entry_marker [shape=plain,label="ENTRY"];
  entry_marker -> node0;
  node0 [label="[1'b1] D.data := data\n[1'b1] D.valid := 1'b1"];
  node0 -> node1 [label="not(not(eq(D.ready, 1'b1))) / step"];
  node0 -> node8 [label="not(eq(D.ready, 1'b1)) / step"];
  node1 [label="[1'b1] done"];
  node8 [label=""];
  node8 -> node1 [label="not(not(eq(D.ready, 1'b1))) / step"];
  node8 -> node5 [label="not(eq(D.ready, 1'b1)) / step"];
  node5 [label="[1'b1] assert_eq(D.ready, 1'b1)"];
  node5 -> node1 [label="1'b1 / step"];
}
