---
source: src/typecheck.rs
expression: content
snapshot_kind: text
---
warning: Inferring step value to be 1.
   ┌─ tests/add_struct.prot:11:3
   │
11 │   step();
   │   ^^^^^^^ Inferring step value to be 1.

warning: Inferred RHS type as BitVec(32) from LHS type BitVec(32).
   ┌─ tests/add_struct.prot:13:3
   │
13 │   DUT.a := X;
   │   ^^^^^^^^^^^ Inferred RHS type as BitVec(32) from LHS type BitVec(32).

warning: Inferred RHS type as BitVec(32) from LHS type BitVec(32).
   ┌─ tests/add_struct.prot:14:3
   │
14 │   DUT.b := X;
   │   ^^^^^^^^^^^ Inferred RHS type as BitVec(32) from LHS type BitVec(32).
