---
source: src/typecheck.rs
expression: content
snapshot_kind: text
---
warning: Inferred RHS type as BitVec(32) from LHS type BitVec(32).
   ┌─ tests/add_struct.prot:13:3
   │
13 │   DUT.A := X;
   │   ^^^^^^^^^^^ Inferred RHS type as BitVec(32) from LHS type BitVec(32).

warning: Inferred RHS type as BitVec(32) from LHS type BitVec(32).
   ┌─ tests/add_struct.prot:14:3
   │
14 │   DUT.B := X;
   │   ^^^^^^^^^^^ Inferred RHS type as BitVec(32) from LHS type BitVec(32).
